
> youtube-downloader@1.0.0 tauri
> tauri build

node.exe :         Info Looking up installed tauri packages to check mismatched versions...
En línea: 1 Carácter: 1
+ & "C:\Program Files\nodejs/node.exe" "C:\Program Files\nodejs/node_mo ...
+ ~~~~~~~~~~~~~~~~~~~~~~~~~~~~~~~~~~~~~~~~~~~~~~~~~~~~~~~~~~~~~~~~~~~~~
    + CategoryInfo          : NotSpecified: (        Info Lo...hed versions...:String) [], RemoteException
    + FullyQualifiedErrorId : NativeCommandError
 
     Running beforeBuildCommand `npm run build`

> youtube-downloader@1.0.0 build
> tsc && vite build

[36mvite v6.4.1 [32mbuilding for production...[36m[39m
transforming...
[32m✓[39m 15 modules transformed.
rendering chunks...
computing gzip size...
[2mdist/[22m[32mindex.html                 [39m[1m[2m 8.72 kB[22m[1m[22m[2m │ gzip: 2.38 kB[22m
[2mdist/[22m[35massets/index-Ch1Jg5ZP.css  [39m[1m[2m 9.74 kB[22m[1m[22m[2m │ gzip: 2.46 kB[22m
[2mdist/[22m[36massets/index-DilMlr3C.js   [39m[1m[2m14.25 kB[22m[1m[22m[2m │ gzip: 4.78 kB[22m
[32m✓ built in 125ms[39m
   Compiling youtube-downloader v1.0.0 (C:\Users\USER\Desktop\Descargar\youtube-downloader\src-tauri)
    Finished `release` profile [optimized] target(s) in 1m 07s
       Built application at: 
C:\Users\USER\Desktop\Descargar\youtube-downloader\src-tauri\target\release\youtube-downloader.exe
        Info Patching 
C:\Users\USER\Desktop\Descargar\youtube-downloader\src-tauri\target\release\youtube-downloader.exe with bundle type 
information: nsis
        Info Target: x64
     Running makensis to produce 
C:\Users\USER\Desktop\Descargar\youtube-downloader\src-tauri\target\release\bundle\nsis\YouTube 
Downloader_1.0.0_x64-setup.exe
    Finished 1 bundle at:
        C:\Users\USER\Desktop\Descargar\youtube-downloader\src-tauri\target\release\bundle\nsis\YouTube 
Downloader_1.0.0_x64-setup.exe

